// Jest Snapshot v1, https://goo.gl/fbAQLP

exports[`components/HelperElement should successfully render component 1`] = `<p id="name-helper" data-fs-helper="true">Your full name</p>`;

exports[`components/HelperElement should successfully render component for non root field 1`] = `<span id="name-helper" data-fs-helper="true">Your full name</span>`;
