// Jest Snapshot v1, https://goo.gl/fbAQLP

exports[`components/InputElement should successfully render component: <div data-fs-kind="string" data-fs-type="text" data-fs-field="name"><label id="id-name-label" for="id-name">Name</label><div data-fs-wrapper="2"><div data-fs-input="text"><input id="id-name" type="text" name="name" value="Goku" pattern="arya|jon" minlength="5" maxlength="15" aria-labelledby="id-name-label" aria-describedby="id-name-helper"></div><p id="id-name-helper">Your full name</p></div></div> 1`] = `
<div data-fs-kind="string" data-fs-type="text" data-fs-field="name"><label id="id-name-label" for="id-name">Name</label>
  <div data-fs-wrapper="2">
    <div data-fs-input="text"><input id="id-name" type="text" name="name" aria-labelledby="id-name-label" aria-describedby="id-name-helper" value="Goku" pattern="arya|jon" minlength="5" maxlength="15"></div>
    <p id="id-name-helper">Your full name</p>
  </div>
</div>
`;
