// Jest Snapshot v1, https://goo.gl/fbAQLP

exports[`components/ListElement should successfully render component 1`] = `
<div data-fs-kind="list" data-fs-type="list" data-fs-field="character"><label id="id-character-label" for="id-character">Character</label>
  <div data-fs-wrapper="2">
    <div data-fs-input="list"><select id="id-character" name="character" aria-labelledby="id-character-label" aria-describedby="id-character-helper">
        <option value=""></option>
        <option value="goku">Goku</option>
        <option value="freezer" selected="selected">Freezer</option>
      </select></div>
    <p id="id-character-helper" data-fs-helper="true">Your character</p>
  </div>
</div>
`;
